// Jest Snapshot v1, https://goo.gl/fbAQLP

exports[`withOnDeploy should onDeploy works 1`] = `
Object {
  "data": Immutable.Map {
    "id": "id1",
    "images": Immutable.List [
      Immutable.Map {
        "url": "url1",
      },
    ],
    "0": "new url",
  },
}
`;

exports[`withOnDeploy should render 1`] = `
<ComponentWithOnDeploy
  onDeploy={[MockFunction]}
  pattern="array.array.string"
  refId={
    CannerRefId {
      "_internalArr": Array [
        "posts",
        "0",
        "images",
        "0",
        "url",
      ],
      "child": [Function],
      "getPathArr": [Function],
      "remove": [Function],
      "toString": [Function],
    }
  }
  removeOnDeploy={[MockFunction]}
  rootValue={
    Immutable.Map {
      "posts": Immutable.List [
        Immutable.Map {
          "id": "id1",
          "images": Immutable.List [
            Immutable.Map {
              "url": "url1",
            },
          ],
        },
      ],
    }
  }
>
  <MockComponent
    onDeploy={[Function]}
    pattern="array.array.string"
    refId={
      CannerRefId {
        "_internalArr": Array [
          "posts",
          "0",
          "images",
          "0",
          "url",
        ],
        "child": [Function],
        "getPathArr": [Function],
        "remove": [Function],
        "toString": [Function],
      }
    }
    removeOnDeploy={[Function]}
    rootValue={
      Immutable.Map {
        "posts": Immutable.List [
          Immutable.Map {
            "id": "id1",
            "images": Immutable.List [
              Immutable.Map {
                "url": "url1",
              },
            ],
          },
        ],
      }
    }
  >
    <div>
      Component
    </div>
  </MockComponent>
</ComponentWithOnDeploy>
`;
