// Jest Snapshot v1, https://goo.gl/fbAQLP

exports[`toolbar method should render 1`] = `
<ToolbarLayout
  Filter={
    <Styled(FilterGroup)
      changeFilter={[Function]}
      items={
        Object {
          "like": Object {
            "type": "number",
          },
          "share": Object {
            "type": "number",
          },
          "title": Object {
            "type": "string",
          },
        }
      }
      where={Object {}}
    />
  }
  Pagination={
    <PaginationPlugin
      changeSize={[Function]}
      hasNextPage={true}
      hasPreviousPage={true}
      nextPage={[Function]}
      prevPage={[Function]}
    />
  }
  Sort={
    <Sort
      changeOrder={[Function]}
      items={
        Object {
          "like": Object {
            "type": "number",
          },
          "share": Object {
            "type": "number",
          },
          "title": Object {
            "type": "string",
          },
        }
      }
      orderField={null}
      orderType="ASC"
    />
  }
>
  <div />
</ToolbarLayout>
`;
