// Jest Snapshot v1, https://goo.gl/fbAQLP

exports[`with request should render 1`] = `
<MockComponent
  fetchRelation={[Function]}
  items={
    Object {
      "title": Object {
        "tyep": "string",
      },
    }
  }
  onChange={[Function]}
  refId={
    CannerRefId {
      "_internalArr": Array [
        "posts",
      ],
      "child": [Function],
      "getPathArr": [Function],
      "remove": [Function],
      "toString": [Function],
    }
  }
  request={[MockFunction]}
  rootValue={
    Immutable.Map {
      "posts": Immutable.List [
        Immutable.Map {
          "id": "id1",
          "title": "post1",
        },
      ],
    }
  }
  value={
    Immutable.Map {
      "posts": Immutable.List [
        Immutable.Map {
          "id": "id1",
          "title": "post1",
        },
      ],
    }
  }
/>
`;
