// Jest Snapshot v1, https://goo.gl/fbAQLP

exports[`provider methods fetch object 1`] = `
Object {
  "home": Object {
    "__typename": "HomePayload",
    "bestAuthor": Object {
      "__typename": "User",
      "age": 10,
      "email": "wwwy3y3@gmail.com",
      "id": "1",
      "images": Array [
        Object {
          "__typename": null,
          "contentType": null,
          "name": null,
          "size": null,
          "url": "url",
        },
      ],
      "name": "user1",
    },
    "count": 10,
    "header": Object {
      "__typename": "homeheader",
      "subTitle": "subTitle",
      "title": "largeTitle",
    },
    "navs": Array [
      Object {
        "__typename": null,
        "text": "nav1",
      },
      Object {
        "__typename": null,
        "text": "nav2",
      },
    ],
    "staredPosts": Array [
      Object {
        "__typename": "Post",
        "id": "1",
        "notes": Array [
          Object {
            "__typename": null,
            "text": "note1",
          },
          Object {
            "__typename": null,
            "text": "note2",
          },
        ],
        "title": "123",
      },
      Object {
        "__typename": "Post",
        "id": "2",
        "notes": Array [
          Object {
            "__typename": null,
            "text": "note3",
          },
          Object {
            "__typename": null,
            "text": "note4",
          },
        ],
        "title": "123",
      },
    ],
  },
}
`;
