// Jest Snapshot v1, https://goo.gl/fbAQLP

exports[`wrap comlex should support customize complex item 1`] = `"<div style=\\"margin-top: 16px;\\"><h3>USERS</h3><div>component1<div style=\\"margin-top: 16px;\\"><h3>BASICINFO</h3><div style=\\"margin-top: 16px;\\"><h3>NAME</h3><input value=\\"123\\"></div><div style=\\"margin-top: 16px;\\"><h3>NICKNAME</h3><input value=\\"321\\"></div></div><div style=\\"margin-top: 16px;\\"><h3>ADDRESSES</h3><div>component1<div class=\\"type\\" style=\\"margin-top: 16px;\\"><h3>TYPE</h3><input value=\\"home\\"></div><div class=\\"value\\" style=\\"margin-top: 16px;\\"><h3>VALUE</h3><input value=\\"xxxxxx\\"></div></div></div><div style=\\"margin-top: 16px;\\"><h3>USERNAME</h3><input value=\\"haha\\"></div></div></div>"`;

exports[`wrap comlex should support customize complex item 2`] = `"<div style=\\"margin-top: 16px;\\"><h3>USERS</h3><div>component1<div style=\\"margin-top: 16px;\\"><h3>BASICINFO</h3><div style=\\"margin-top: 16px;\\"><h3>NAME</h3><input value=\\"123\\"></div><div style=\\"margin-top: 16px;\\"><h3>NICKNAME</h3><input value=\\"321\\"></div></div><div style=\\"margin-top: 16px;\\"><h3>ADDRESSES</h3><div>component1<div class=\\"type\\" style=\\"margin-top: 16px;\\"><h3>TYPE</h3><input value=\\"company\\"></div><div class=\\"value\\" style=\\"margin-top: 16px;\\"><h3>VALUE</h3><input value=\\"yyyyy\\"></div></div></div><div style=\\"margin-top: 16px;\\"><h3>USERNAME</h3><input value=\\"haha\\"></div></div></div>"`;
