// Jest Snapshot v1, https://goo.gl/fbAQLP

exports[`with route mini app should render 1`] = `
<div>
  <MockComponent
    deploy={[MockFunction]}
    path="posts"
    pattern="array"
    refId={
      CannerRefId {
        "_internalArr": Array [
          "posts",
        ],
        "child": [Function],
        "getPathArr": [Function],
        "remove": [Function],
        "toString": [Function],
      }
    }
    renderCancelButton={[Function]}
    renderChildren={[Function]}
    renderConfirmButton={[Function]}
    reset={[MockFunction]}
    routerParams={Object {}}
    routes={
      Array [
        "posts",
      ]
    }
  />
  <div
    style={
      Object {
        "marginTop": 60,
        "textAlign": "right",
      }
    }
  >
    <Button
      block={false}
      data-testid="confirm-button"
      disabled={false}
      ghost={false}
      loading={false}
      onClick={[Function]}
      prefixCls="ant-btn"
      style={
        Object {
          "marginRight": 16,
        }
      }
      type="primary"
    >
      Confirm
    </Button>
    <Button
      block={false}
      data-testid="reset-button"
      disabled={false}
      ghost={false}
      loading={false}
      onClick={[Function]}
      prefixCls="ant-btn"
      style={Object {}}
    >
      Reset
    </Button>
  </div>
</div>
`;
