// Jest Snapshot v1, https://goo.gl/fbAQLP

exports[`toolbar method should render 1`] = `
<ToolbarLayout
  Actions={<div />}
  Filter={
    <FilterGroup
      async={true}
      changeFilter={[Function]}
      deleteFilter={[Function]}
      displayedFilters={Array []}
      items={
        Object {
          "like": Object {
            "type": "number",
          },
          "share": Object {
            "type": "number",
          },
          "title": Object {
            "type": "string",
          },
        }
      }
      where={Object {}}
    />
  }
  Pagination={
    <PaginationPlugin
      async={true}
      changePage={[Function]}
      changeSize={[Function]}
      current={1}
      hasNextPage={true}
      hasPreviousPage={true}
      nextPage={[Function]}
      prevPage={[Function]}
      total={0}
    />
  }
  Sort={null}
>
  <div
    rootValue={
      Object {
        "posts": Array [
          Object {
            "id": "0",
            "title": "posts1",
          },
        ],
      }
    }
    showPagination={false}
    value={
      Array [
        Object {
          "id": "0",
          "title": "posts1",
        },
      ]
    }
  />
</ToolbarLayout>
`;
