// Jest Snapshot v1, https://goo.gl/fbAQLP

exports[`createBothConfig webpack config 1`] = `
Array [
  Object {
    "devServer": Object {
      "contentBase": "webOutputPath",
      "disableHostCheck": true,
      "historyApiFallback": true,
      "hot": true,
      "inline": true,
      "port": 8090,
      "quiet": true,
    },
    "entry": Object {
      "index": Array [
        "file-name",
        "file-name",
      ],
    },
    "externals": Object {
      "antd": "antd",
      "lodash": "_",
      "moment": "moment",
      "react": "React",
      "react-dom": "ReactDOM",
      "styled-components": "styled",
    },
    "mode": "production",
    "module": Object {
      "rules": Array [
        Object {
          "include": /node_modules/,
          "test": /\\\\\\.mjs\\$/,
          "type": "javascript/auto",
        },
        Object {
          "oneOf": Array [
            Object {
              "test": /canner\\\\\\.schema\\\\\\.tsx\\?\\$/,
              "use": Array [
                Object {
                  "loader": "canner-schema-loader",
                },
                Object {
                  "loader": "ts-loader",
                  "options": Object {
                    "compilerOptions": Object {
                      "jsx": "react",
                      "jsxFactory": "CannerScript",
                    },
                    "configFile": "tsConfigFile",
                    "transpileOnly": true,
                  },
                },
              ],
            },
            Object {
              "loader": "ts-loader",
              "options": Object {
                "compilerOptions": Object {
                  "module": "es2015",
                },
                "configFile": "tsConfigFile",
                "getCustomTransformers": [Function],
                "transpileOnly": true,
              },
              "test": /\\\\\\.tsx\\?\\$/,
            },
          ],
        },
        Object {
          "oneOf": Array [
            Object {
              "test": /\\(\\\\\\.schema\\\\\\.js\\|canner\\\\\\.def\\\\\\.js\\)\\$/,
              "use": Array [
                Object {
                  "loader": "canner-schema-loader",
                },
                Object {
                  "loader": "babel-loader",
                  "options": Object {
                    "babelrc": false,
                    "plugins": Array [
                      Array [
                        Object {
                          "default": [Function],
                        },
                        Object {
                          "legacy": true,
                        },
                      ],
                      Object {
                        "default": [Function],
                      },
                      Object {
                        "default": [Function],
                      },
                      Object {
                        "default": [Function],
                      },
                      Object {
                        "default": [Function],
                      },
                      Object {
                        "default": [Function],
                      },
                      Object {
                        "default": [Function],
                      },
                      Object {
                        "default": [Function],
                      },
                      Array [
                        Object {
                          "default": [Function],
                        },
                        Object {
                          "loose": false,
                        },
                      ],
                      Object {
                        "default": [Function],
                      },
                      Object {
                        "default": [Function],
                      },
                      Array [
                        Object {
                          "default": [Function],
                        },
                        Object {
                          "libraryName": "antd",
                          "style": true,
                        },
                      ],
                    ],
                    "presets": Array [
                      Object {
                        "default": [Function],
                        "isPluginRequired": [Function],
                        "transformIncludesAndExcludes": [Function],
                      },
                      Array [
                        Object {
                          "default": [Function],
                        },
                        Object {
                          "pragma": "CannerScript",
                          "pragmaFrag": "CannerScript.Default",
                          "throwIfNamespace": false,
                        },
                      ],
                      Object {
                        "default": [Function],
                      },
                    ],
                  },
                },
              ],
            },
            Object {
              "exclude": /node_modules/,
              "test": /\\\\\\.js\\$/,
              "use": Object {
                "loader": "babel-loader",
                "options": Object {
                  "babelrc": false,
                  "plugins": Array [
                    Array [
                      Object {
                        "default": [Function],
                      },
                      Object {
                        "legacy": true,
                      },
                    ],
                    Object {
                      "default": [Function],
                    },
                    Object {
                      "default": [Function],
                    },
                    Object {
                      "default": [Function],
                    },
                    Object {
                      "default": [Function],
                    },
                    Object {
                      "default": [Function],
                    },
                    Object {
                      "default": [Function],
                    },
                    Object {
                      "default": [Function],
                    },
                    Array [
                      Object {
                        "default": [Function],
                      },
                      Object {
                        "loose": false,
                      },
                    ],
                    Object {
                      "default": [Function],
                    },
                    Object {
                      "default": [Function],
                    },
                    Array [
                      Object {
                        "default": [Function],
                      },
                      Object {
                        "libraryName": "antd",
                        "style": true,
                      },
                    ],
                  ],
                  "presets": Array [
                    Object {
                      "default": [Function],
                      "isPluginRequired": [Function],
                      "transformIncludesAndExcludes": [Function],
                    },
                    Object {
                      "default": [Function],
                    },
                    Object {
                      "default": [Function],
                    },
                  ],
                },
              },
            },
          ],
        },
        Object {
          "test": /\\\\\\.css\\$/,
          "use": Array [
            /packages/canner-bundle/node_modules/mini-css-extract-plugin/dist/loader.js,
            "css-loader",
          ],
        },
        Object {
          "test": /\\\\\\.less\\$/,
          "use": Array [
            Object {
              "loader": /packages/canner-bundle/node_modules/mini-css-extract-plugin/dist/loader.js,
            },
            Object {
              "loader": "css-loader",
            },
            Object {
              "loader": "less-loader",
              "options": Object {
                "javascriptEnabled": true,
                "modifyVars": Object {},
              },
            },
          ],
        },
        Object {
          "loader": "file-loader",
          "test": /\\\\\\.\\(png\\|jpg\\|gif\\|svg\\)\\$/,
        },
      ],
    },
    "node": Object {
      "dns": "mock",
      "fs": "empty",
      "path": true,
      "url": false,
    },
    "optimization": Object {
      "splitChunks": Object {
        "cacheGroups": Object {
          "style": Object {
            "chunks": "all",
            "enforce": true,
            "name": "style",
            "test": /\\\\\\.css/,
          },
          "vendors": Object {
            "chunks": "all",
            "enforce": true,
            "name": "vendors",
            "test": [Function],
          },
        },
      },
    },
    "output": Object {
      "chunkFilename": "[name].js",
      "filename": "[name].js",
      "path": "webOutputPath",
      "publicPath": "/",
    },
    "performance": Object {
      "hints": false,
    },
    "plugins": Array [
      HtmlWebpackPlugin {
        "options": Object {
          "cache": true,
          "chunks": "all",
          "chunksSortMode": "auto",
          "compile": true,
          "excludeChunks": Array [],
          "favicon": false,
          "filename": "index.html",
          "hash": false,
          "inject": true,
          "meta": Object {},
          "minify": false,
          "showErrors": true,
          "template": "htmlPath",
          "templateParameters": [Function],
          "title": "Webpack App",
          "xhtml": false,
        },
      },
      MiniCssExtractPlugin {
        "options": Object {
          "chunkFilename": "[name].css",
          "filename": "style.css",
        },
      },
      NormalModuleReplacementPlugin {
        "newResource": /packages/canner-bundle/src/utils/mock,
        "resourceRegExp": /firebase/,
      },
      LimitChunkCountPlugin {
        "options": Object {
          "maxChunks": 1,
        },
      },
      CompressionPlugin {
        "options": Object {
          "algorithm": [Function],
          "cache": false,
          "compressionOptions": Object {
            "level": 9,
          },
          "deleteOriginalAssets": false,
          "exclude": undefined,
          "filename": "[path].gz[query]",
          "include": undefined,
          "minRatio": 0.8,
          "test": undefined,
          "threshold": 0,
        },
      },
      CustomFilterPlugin {
        "exclude": /Conflicting order between:/,
      },
      TimeFixPlugin {
        "watchOffset": 11000,
      },
      WatchIgnorePlugin {
        "paths": Array [
          "file-name",
          "file-name",
          /node_modules/,
        ],
      },
      "webPlugins",
    ],
    "resolve": Object {
      "extensions": Array [
        ".jsx",
        ".js",
        ".ts",
        ".tsx",
        ".mjs",
      ],
      "modules": "resolveModules",
    },
    "resolveLoader": Object {
      "modules": "resolveLoaderModules",
    },
    "watch": false,
    "watchOptions": Object {
      "aggregateTimeout": 2000,
      "ignored": Array [
        "file-name",
        "file-name",
        ".cms",
        "webOutputPath",
        "schema.node.js",
        "canner.schema.json",
        /node_modules/,
      ],
    },
  },
  Object {
    "entry": "schemaPath",
    "mode": "production",
    "module": Object {
      "rules": Array [
        Object {
          "include": /node_modules/,
          "test": /\\\\\\.mjs\\$/,
          "type": "javascript/auto",
        },
        Object {
          "oneOf": Array [
            Object {
              "test": /canner\\\\\\.schema\\\\\\.tsx\\?\\$/,
              "use": Array [
                Object {
                  "loader": "canner-schema-loader",
                },
                Object {
                  "loader": "ts-loader",
                  "options": Object {
                    "compilerOptions": Object {
                      "jsx": "react",
                      "jsxFactory": "CannerScript",
                    },
                    "configFile": "tsConfigFile",
                    "transpileOnly": true,
                  },
                },
              ],
            },
            Object {
              "loader": "ts-loader",
              "options": Object {
                "compilerOptions": Object {
                  "module": "es2015",
                },
                "configFile": "tsConfigFile",
                "getCustomTransformers": [Function],
                "transpileOnly": true,
              },
              "test": /\\\\\\.tsx\\?\\$/,
            },
          ],
        },
        Object {
          "oneOf": Array [
            Object {
              "test": /\\(\\\\\\.schema\\\\\\.js\\|canner\\\\\\.def\\\\\\.js\\)\\$/,
              "use": Array [
                Object {
                  "loader": "canner-schema-loader",
                },
                Object {
                  "loader": "babel-loader",
                  "options": Object {
                    "babelrc": false,
                    "plugins": Array [
                      Array [
                        Object {
                          "default": [Function],
                        },
                        Object {
                          "legacy": true,
                        },
                      ],
                      Object {
                        "default": [Function],
                      },
                      Object {
                        "default": [Function],
                      },
                      Object {
                        "default": [Function],
                      },
                      Object {
                        "default": [Function],
                      },
                      Object {
                        "default": [Function],
                      },
                      Object {
                        "default": [Function],
                      },
                      Object {
                        "default": [Function],
                      },
                      Array [
                        Object {
                          "default": [Function],
                        },
                        Object {
                          "loose": false,
                        },
                      ],
                      Object {
                        "default": [Function],
                      },
                      Object {
                        "default": [Function],
                      },
                      Array [
                        Object {
                          "default": [Function],
                        },
                        Object {
                          "libraryName": "antd",
                          "style": true,
                        },
                      ],
                    ],
                    "presets": Array [
                      Object {
                        "default": [Function],
                        "isPluginRequired": [Function],
                        "transformIncludesAndExcludes": [Function],
                      },
                      Array [
                        Object {
                          "default": [Function],
                        },
                        Object {
                          "pragma": "CannerScript",
                          "pragmaFrag": "CannerScript.Default",
                          "throwIfNamespace": false,
                        },
                      ],
                      Object {
                        "default": [Function],
                      },
                    ],
                  },
                },
              ],
            },
            Object {
              "exclude": /node_modules/,
              "test": /\\\\\\.js\\$/,
              "use": Object {
                "loader": "babel-loader",
                "options": Object {
                  "babelrc": false,
                  "plugins": Array [
                    Array [
                      Object {
                        "default": [Function],
                      },
                      Object {
                        "legacy": true,
                      },
                    ],
                    Object {
                      "default": [Function],
                    },
                    Object {
                      "default": [Function],
                    },
                    Object {
                      "default": [Function],
                    },
                    Object {
                      "default": [Function],
                    },
                    Object {
                      "default": [Function],
                    },
                    Object {
                      "default": [Function],
                    },
                    Object {
                      "default": [Function],
                    },
                    Array [
                      Object {
                        "default": [Function],
                      },
                      Object {
                        "loose": false,
                      },
                    ],
                    Object {
                      "default": [Function],
                    },
                    Object {
                      "default": [Function],
                    },
                    Array [
                      Object {
                        "default": [Function],
                      },
                      Object {
                        "libraryName": "antd",
                        "style": true,
                      },
                    ],
                  ],
                  "presets": Array [
                    Object {
                      "default": [Function],
                      "isPluginRequired": [Function],
                      "transformIncludesAndExcludes": [Function],
                    },
                    Object {
                      "default": [Function],
                    },
                    Object {
                      "default": [Function],
                    },
                  ],
                },
              },
            },
          ],
        },
        Object {
          "loader": "ignore-loader",
          "test": /\\\\\\.\\(le\\|c\\)ss\\$/,
        },
      ],
    },
    "output": Object {
      "filename": "schema.node.js",
      "libraryTarget": "commonjs",
      "path": "schemaOutputPath",
    },
    "plugins": Array [
      LimitChunkCountPlugin {
        "options": Object {
          "maxChunks": 1,
        },
      },
      NormalModuleReplacementPlugin {
        "newResource": /packages/canner-bundle/src/utils/mock,
        "resourceRegExp": /firebase/,
      },
      WatchIgnorePlugin {
        "paths": Array [
          /node_modules/,
        ],
      },
      "schemaPlugins",
    ],
    "resolve": Object {
      "extensions": Array [
        ".jsx",
        ".js",
        ".ts",
        ".tsx",
        "mjs",
      ],
      "modules": "resolveModules",
    },
    "resolveLoader": Object {
      "modules": "resolveLoaderModules",
    },
    "target": "node",
    "watch": false,
  },
]
`;
