// Jest Snapshot v1, https://goo.gl/fbAQLP

exports[`schema to queries object should works 1`] = `
Object {
  "queriesObj": Object {
    "posts": Object {
      "alias": "posts",
      "args": Object {
        "after": "$RANDOM_KEY",
        "before": "$RANDOM_KEY",
        "first": "$RANDOM_KEY",
        "last": "$RANDOM_KEY",
        "orderBy": "$RANDOM_KEY",
        "where": "$RANDOM_KEY",
      },
      "connection": true,
      "declareArgs": Object {
        "$RANDOM_KEY": "PostOrderByInput",
      },
      "fields": Object {
        "bestAuthor": Object {
          "fields": Object {
            "email": null,
            "id": null,
            "images": Object {},
            "name": null,
          },
        },
        "id": null,
        "staredPosts": Object {
          "fields": Object {
            "id": null,
            "title": null,
          },
        },
        "title": null,
      },
      "isPlural": true,
    },
    "users": Object {
      "alias": "users",
      "args": Object {
        "after": "$RANDOM_KEY",
        "before": "$RANDOM_KEY",
        "first": "$RANDOM_KEY",
        "last": "$RANDOM_KEY",
        "orderBy": "$RANDOM_KEY",
        "where": "$RANDOM_KEY",
      },
      "connection": true,
      "declareArgs": Object {
        "$RANDOM_KEY": "UserOrderByInput",
      },
      "fields": Object {
        "email": null,
        "id": null,
        "images": Object {},
        "name": null,
        "posts": Object {
          "fields": Object {
            "id": null,
            "title": null,
          },
        },
      },
      "isPlural": true,
    },
  },
  "variables": Object {
    "$RANDOM_KEY": Object {},
  },
}
`;
