// Jest Snapshot v1, https://goo.gl/fbAQLP

exports[`schema to queries object should not changed to lower case 1`] = `
Object {
  "queriesObj": Object {
    "otherMenuItem": Object {
      "alias": "otherMenuItem",
      "args": Object {
        "after": "$otherMenuItemAfter",
        "before": "$otherMenuItemBefore",
        "first": "$otherMenuItemFirst",
        "last": "$otherMenuItemLast",
        "orderBy": "$otherMenuItemOrderBy",
        "where": "$otherMenuItemWhere",
      },
      "connection": true,
      "declareArgs": Object {
        "$otherMenuItemAfter": "String",
        "$otherMenuItemBefore": "String",
        "$otherMenuItemFirst": "Int",
        "$otherMenuItemLast": "Int",
        "$otherMenuItemOrderBy": "OtherMenuItemOrderByInput",
        "$otherMenuItemWhere": "OtherMenuItemWhereInput",
      },
      "fields": Object {
        "id": null,
        "pathName": null,
        "title": null,
      },
      "isPlural": true,
    },
  },
  "variables": Object {
    "$otherMenuItemFirst": undefined,
    "$otherMenuItemWhere": Object {},
  },
}
`;

exports[`schema to queries object should works 1`] = `
Object {
  "queriesObj": Object {
    "posts": Object {
      "alias": "posts",
      "args": Object {
        "after": "$postsAfter",
        "before": "$postsBefore",
        "first": "$postsFirst",
        "last": "$postsLast",
        "orderBy": "$postsOrderBy",
        "where": "$postsWhere",
      },
      "connection": true,
      "declareArgs": Object {
        "$postsAfter": "String",
        "$postsBefore": "String",
        "$postsFirst": "Int",
        "$postsLast": "Int",
        "$postsOrderBy": "PostOrderByInput",
        "$postsWhere": "PostWhereInput",
      },
      "fields": Object {
        "bestAuthor": Object {
          "fields": Object {
            "email": null,
            "id": null,
            "images": Object {
              "fields": Object {
                "contentType": null,
                "name": null,
                "size": null,
                "url": null,
              },
            },
            "name": null,
            "variants": null,
          },
        },
        "id": null,
        "images": Object {
          "fields": Object {
            "contentType": null,
            "name": null,
            "size": null,
            "url": null,
          },
        },
        "staredPosts": Object {
          "fields": Object {
            "id": null,
            "images": Object {
              "fields": Object {
                "contentType": null,
                "name": null,
                "size": null,
                "url": null,
              },
            },
            "title": null,
            "wildCard": undefined,
          },
        },
        "title": null,
        "wildCard": undefined,
      },
      "isPlural": true,
    },
    "users": Object {
      "alias": "users",
      "args": Object {
        "after": "$usersAfter",
        "before": "$usersBefore",
        "first": "$usersFirst",
        "last": "$usersLast",
        "orderBy": "$usersOrderBy",
        "where": "$usersWhere",
      },
      "connection": true,
      "declareArgs": Object {
        "$usersAfter": "String",
        "$usersBefore": "String",
        "$usersFirst": "Int",
        "$usersLast": "Int",
        "$usersOrderBy": "UserOrderByInput",
        "$usersWhere": "UserWhereInput",
      },
      "fields": Object {
        "email": null,
        "id": null,
        "images": Object {
          "fields": Object {
            "contentType": null,
            "name": null,
            "size": null,
            "url": null,
          },
        },
        "name": null,
        "posts": Object {
          "fields": Object {
            "id": null,
            "images": Object {
              "fields": Object {
                "contentType": null,
                "name": null,
                "size": null,
                "url": null,
              },
            },
            "title": null,
            "wildCard": undefined,
          },
        },
        "variants": null,
      },
      "isPlural": true,
    },
  },
  "variables": Object {
    "$postsFirst": undefined,
    "$postsWhere": Object {},
    "$usersFirst": undefined,
    "$usersWhere": Object {},
  },
}
`;
